[[36mInfo[39m]: ========================================
[[36mInfo[39m]:   AudioCNN_IRMAS Model Testing
[[36mInfo[39m]:   Musical Instrument Classification
[[36mInfo[39m]: ========================================
[[36mInfo[39m]: --- Building AudioCNN_IRMAS Model ---
[[36mInfo[39m]: AudioCNN_IRMAS Model built successfully!
[[36mInfo[39m]: Total layers: 20 (8 Conv, 7 BatchNorm, 3 MaxPool, 1 Flatten, 2 Dense, 1 Softmax)
Opened binary file data/model_weights_improved/conv1_1_weights.bin
Opened binary file data/model_weights_improved/conv1_1_bias.bin
Opened binary file data/model_weights_improved/bn1_1_mean.bin
Opened binary file data/model_weights_improved/bn1_1_variance.bin
Opened binary file data/model_weights_improved/bn1_1_gamma.bin
Opened binary file data/model_weights_improved/bn1_1_beta.bin
Opened binary file data/model_weights_improved/conv1_2_weights.bin
Opened binary file data/model_weights_improved/conv1_2_bias.bin
Opened binary file data/model_weights_improved/bn1_2_mean.bin
Opened binary file data/model_weights_improved/bn1_2_variance.bin
Opened binary file data/model_weights_improved/bn1_2_gamma.bin
Opened binary file data/model_weights_improved/bn1_2_beta.bin
Opened binary file data/model_weights_improved/conv2_1_weights.bin
Opened binary file data/model_weights_improved/conv2_1_bias.bin
Opened binary file data/model_weights_improved/bn2_1_mean.bin
Opened binary file data/model_weights_improved/bn2_1_variance.bin
Opened binary file data/model_weights_improved/bn2_1_gamma.bin
Opened binary file data/model_weights_improved/bn2_1_beta.bin
Opened binary file data/model_weights_improved/conv2_2_weights.bin
Opened binary file data/model_weights_improved/conv2_2_bias.bin
Opened binary file data/model_weights_improved/bn2_2_mean.bin
Opened binary file data/model_weights_improved/bn2_2_variance.bin
Opened binary file data/model_weights_improved/bn2_2_gamma.bin
Opened binary file data/model_weights_improved/bn2_2_beta.bin
Opened binary file data/model_weights_improved/conv3_1_weights.bin
Opened binary file data/model_weights_improved/conv3_1_bias.bin
Opened binary file data/model_weights_improved/bn3_1_mean.bin
Opened binary file data/model_weights_improved/bn3_1_variance.bin
Opened binary file data/model_weights_improved/bn3_1_gamma.bin
Opened binary file data/model_weights_improved/bn3_1_beta.bin
Opened binary file data/model_weights_improved/conv3_2_weights.bin
Opened binary file data/model_weights_improved/conv3_2_bias.bin
Opened binary file data/model_weights_improved/bn3_2_mean.bin
Opened binary file data/model_weights_improved/bn3_2_variance.bin
Opened binary file data/model_weights_improved/bn3_2_gamma.bin
Opened binary file data/model_weights_improved/bn3_2_beta.bin
Opened binary file data/model_weights_improved/fc1_weights.bin
Opened binary file data/model_weights_improved/fc1_bias.bin
Opened binary file data/model_weights_improved/bn_fc1_mean.bin
Opened binary file data/model_weights_improved/bn_fc1_variance.bin
Opened binary file data/model_weights_improved/bn_fc1_gamma.bin
Opened binary file data/model_weights_improved/bn_fc1_beta.bin
Opened binary file data/model_weights_improved/fc2_weights.bin
Opened binary file data/model_weights_improved/fc2_bias.bin
[[36mInfo[39m]: Loading test mel-spectrogram...
Opened binary file data/test_input.bin
[[36mInfo[39m]: Test input loaded successfully!
[[36mInfo[39m]: --- Running All Layer Tests ---
[[36mInfo[39m]: --- Running Layer Test 0 ---
Timer Layer Inference: elapsed=99.772003ms
Layer 0 output dimensions: 124 124 32 (total: 492032 elements)
Expected file size: 1968128 bytes (492032 elements)
Opened binary file data/feature_maps_improved/layer_0_conv1_1_features.bin
Comparing Outputs (Cosine Similarity): True 100%  (1)
[[36mInfo[39m]: --- Running Layer Test 1 ---
Timer Layer Inference: elapsed=107.102997ms
Layer 1 output dimensions: 124 124 32 (total: 492032 elements)
Expected file size: 1968128 bytes (492032 elements)
Opened binary file data/feature_maps_improved/layer_2_relu1_1_features.bin
Comparing Outputs (Cosine Similarity): True 100%  (1)
[[36mInfo[39m]: --- Running Layer Test 2 ---
Timer Layer Inference: elapsed=2931.987061ms
Layer 2 output dimensions: 120 120 32 (total: 460800 elements)
Expected file size: 1843200 bytes (460800 elements)
Opened binary file data/feature_maps_improved/layer_3_conv1_2_features.bin
Comparing Outputs (Cosine Similarity): True 100%  (1)
[[36mInfo[39m]: --- Running Layer Test 3 ---
Timer Layer Inference: elapsed=2943.064941ms
Layer 3 output dimensions: 120 120 32 (total: 460800 elements)
Expected file size: 1843200 bytes (460800 elements)
Opened binary file data/feature_maps_improved/layer_5_relu1_2_features.bin
Comparing Outputs (Cosine Similarity): True 100%  (1)
[[36mInfo[39m]: --- Running Layer Test 4 ---
Timer Layer Inference: elapsed=2946.343994ms
Layer 4 output dimensions: 60 60 32 (total: 115200 elements)
Expected file size: 460800 bytes (115200 elements)
Opened binary file data/feature_maps_improved/layer_6_pool1_features.bin
Comparing Outputs (Cosine Similarity): True 100%  (1)
[[36mInfo[39m]: --- Running Layer Test 5 ---
Timer Layer Inference: elapsed=3410.649902ms
Layer 5 output dimensions: 58 58 64 (total: 215296 elements)
Expected file size: 861184 bytes (215296 elements)
Opened binary file data/feature_maps_improved/layer_7_conv2_1_features.bin
Comparing Outputs (Cosine Similarity): True 100%  (1)
[[36mInfo[39m]: --- Running Layer Test 6 ---
Timer Layer Inference: elapsed=3413.590088ms
First 10 output values: 0.378644 0.563662 0.0587967 0.378422 0 0 0 0.62315 0 1.15359 
Layer 6 output dimensions: 58 58 64 (total: 215296 elements)
Expected file size: 861184 bytes (215296 elements)
Opened binary file data/feature_maps_improved/layer_9_relu2_1_features.bin
First 10 expected values: 0.378644 0.563662 0.0587966 0.378422 0 0 0 0.62315 0 1.15359 
Comparing Outputs (Cosine Similarity): True 100%  (1)
[[36mInfo[39m]: --- Running Layer Test 7 ---
Timer Layer Inference: elapsed=4274.597168ms
First 10 output values: -0.141799 -0.0128226 0.403402 -0.627807 0.149508 0.660643 0.793883 0.441369 -0.50621 0.696727 
Layer 7 output dimensions: 56 56 64 (total: 200704 elements)
Expected file size: 802816 bytes (200704 elements)
Opened binary file data/feature_maps_improved/layer_10_conv2_2_features.bin
First 10 expected values: -0.141799 -0.0128223 0.403402 -0.627807 0.149508 0.660643 0.793882 0.441369 -0.506209 0.696727 
Comparing Outputs (Cosine Similarity): True 100%  (1)
[[36mInfo[39m]: --- Running Layer Test 8 ---
Timer Layer Inference: elapsed=4273.246094ms
Layer 8 output dimensions: 56 56 64 (total: 200704 elements)
Expected file size: 802816 bytes (200704 elements)
Opened binary file data/feature_maps_improved/layer_12_relu2_2_features.bin
Comparing Outputs (Cosine Similarity): True 100%  (1)
[[36mInfo[39m]: --- Running Layer Test 9 ---
Timer Layer Inference: elapsed=4276.733887ms
Layer 9 output dimensions: 28 28 64 (total: 50176 elements)
Expected file size: 200704 bytes (50176 elements)
Opened binary file data/feature_maps_improved/layer_13_pool2_features.bin
Comparing Outputs (Cosine Similarity): True 100%  (1)
[[36mInfo[39m]: --- Running Layer Test 10 ---
Timer Layer Inference: elapsed=4468.117188ms
Layer 10 output dimensions: 26 26 64 (total: 43264 elements)
Expected file size: 173056 bytes (43264 elements)
Opened binary file data/feature_maps_improved/layer_14_conv3_1_features.bin
Comparing Outputs (Cosine Similarity): True 100%  (1)
[[36mInfo[39m]: --- Running Layer Test 11 ---
Timer Layer Inference: elapsed=4475.792969ms
Layer 11 output dimensions: 26 26 64 (total: 43264 elements)
Expected file size: 173056 bytes (43264 elements)
Opened binary file data/feature_maps_improved/layer_16_relu3_1_features.bin
Comparing Outputs (Cosine Similarity): True 100%  (1)
[[36mInfo[39m]: --- Running Layer Test 12 ---
Timer Layer Inference: elapsed=4800.433105ms
Layer 12 output dimensions: 24 24 128 (total: 73728 elements)
Expected file size: 294912 bytes (73728 elements)
Opened binary file data/feature_maps_improved/layer_17_conv3_2_features.bin
Comparing Outputs (Cosine Similarity): True 100%  (1)
[[36mInfo[39m]: --- Running Layer Test 13 ---
Timer Layer Inference: elapsed=4796.259766ms
Layer 13 output dimensions: 24 24 128 (total: 73728 elements)
Expected file size: 294912 bytes (73728 elements)
Opened binary file data/feature_maps_improved/layer_19_relu3_2_features.bin
Comparing Outputs (Cosine Similarity): True 100%  (1)
[[36mInfo[39m]: --- Running Layer Test 14 ---
Timer Layer Inference: elapsed=4800.754883ms
Layer 14 output dimensions: 12 12 128 (total: 18432 elements)
Expected file size: 73728 bytes (18432 elements)
Opened binary file data/feature_maps_improved/layer_20_pool3_features.bin
Comparing Outputs (Cosine Similarity): True 100%  (1)
[[36mInfo[39m]: --- Running Layer Test 15 ---
Timer Layer Inference: elapsed=4799.125977ms
Layer 15 output dimensions: 18432 (total: 18432 elements)
Expected file size: 73728 bytes (18432 elements)
Opened binary file data/feature_maps_improved/layer_21_flatten_features.bin
Comparing Outputs (Cosine Similarity): True 100%  (1)
[[36mInfo[39m]: --- Running Layer Test 16 ---
Timer Layer Inference: elapsed=4843.654785ms
Layer 16 output dimensions: 256 (total: 256 elements)
Expected file size: 1024 bytes (256 elements)
Opened binary file data/feature_maps_improved/layer_22_fc1_features.bin
Comparing Outputs (Cosine Similarity): True 100%  (1)
[[36mInfo[39m]: --- Running Layer Test 17 ---
Timer Layer Inference: elapsed=4876.347168ms
Layer 17 output dimensions: 256 (total: 256 elements)
Expected file size: 1024 bytes (256 elements)
Opened binary file data/feature_maps_improved/layer_24_relu_fc1_features.bin
Comparing Outputs (Cosine Similarity): True 100%  (1)
[[36mInfo[39m]: --- Running Layer Test 18 ---
Timer Layer Inference: elapsed=4906.252930ms
Layer 18 output dimensions: 10 (total: 10 elements)
Expected file size: 40 bytes (10 elements)
Opened binary file data/feature_maps_improved/layer_26_fc2_features.bin
Comparing Outputs (Cosine Similarity): False 50.1142%  (0.501142)
[[36mInfo[39m]: --- Running Layer Test 19 ---
Timer Layer Inference: elapsed=4874.387207ms
Layer 19 output dimensions: 10 (total: 10 elements)
No Python feature map available for layer 19
Skipping comparison for layer 19
[[36mInfo[39m]: --- Running Full Inference Test ---
Timer Full Inference: elapsed=4949.495117ms

Final output dimensions: 10 (total: 10 elements)

Top-5 predictions:
  1. Cello (class 0): 95.8405%
  2. Violin (class 9): 3.43175%
  3. Saxophone (class 7): 0.523602%
  4. Acoustic Guitar (class 3): 0.0895876%
  5. Clarinet (class 1): 0.0407433%


----- ML::runTests() COMPLETE -----
